frontendDist: C:\Users\chadc\mosaic-maker\artifacts\mosaic-maker\dist\public
frontendIndex exists: true
[21:58:48.031] [32mINFO[39m (15728): [36mServer listening[39m
    [35mport[39m: 3115
MODE_USED balanced
THRESHOLD_USED 10
COLOR_COUNTS_BEFORE {
  '0': 164,
  '1': 7,
  '2': 546,
  '3': 3444,
  '4': 1970,
  '5': 4675,
  '7': 84,
  '11': 14,
  '14': 417,
  '15': 4310,
  '24': 301,
  '29': 2270,
  '30': 278,
  '31': 240,
  '32': 477,
  '33': 1693,
  '34': 591,
  '41': 15,
  '43': 8
}
PROTECT_EDGES true
FACE_STAGE_COUNTS after_quantization {
  green: 5438,
  gray: 1202,
  brown: 1330,
  black: 958,
  other: 398,
  total: 9326,
  greenPct: 58.31,
  grayPct: 12.89,
  brownPct: 14.26,
  blackPct: 10.27
}
FACE_STAGE_COUNTS after_adaptive_smoothing {
  green: 5441,
  gray: 1241,
  brown: 1315,
  black: 951,
  other: 378,
  total: 9326,
  greenPct: 58.34,
  grayPct: 13.31,
  brownPct: 14.1,
  blackPct: 10.2
}
COLOR_COUNTS_AFTER_THRESHOLD {
  '0': 171,
  '2': 339,
  '3': 3737,
  '4': 1927,
  '5': 4655,
  '7': 58,
  '11': 14,
  '14': 389,
  '15': 4368,
  '24': 299,
  '29': 2275,
  '30': 275,
  '31': 238,
  '32': 481,
  '33': 1698,
  '34': 580
}
INVALID_FINAL_COLORS []
FACE_STAGE_COUNTS after_threshold {
  green: 5450,
  gray: 1244,
  brown: 1315,
  black: 951,
  other: 366,
  total: 9326,
  greenPct: 58.44,
  grayPct: 13.34,
  brownPct: 14.1,
  blackPct: 10.2
}
FACE_STAGE_COUNTS after_robe_background_consolidation {
  green: 5450,
  gray: 1244,
  brown: 1315,
  black: 951,
  other: 366,
  total: 9326,
  greenPct: 58.44,
  grayPct: 13.34,
  brownPct: 14.1,
  blackPct: 10.2
}
COLOR_COUNTS_AFTER {
  '0': 171,
  '2': 339,
  '3': 3784,
  '4': 1888,
  '5': 4695,
  '7': 58,
  '11': 14,
  '14': 389,
  '15': 4366,
  '24': 299,
  '29': 2275,
  '30': 275,
  '31': 238,
  '32': 481,
  '33': 1698,
  '34': 534
}
[21:59:21.710] [32mINFO[39m (15728): [36mrequest completed[39m
    [35mreq[39m: {
      "id": 1,
      "method": "POST",
      "url": "/api/mosaic/generate"
    }
    [35mres[39m: {
      "statusCode": 200
    }
    [35mresponseTime[39m: 928
[21:59:21.786] [32mINFO[39m (15728): [36mrequest completed[39m
    [35mreq[39m: {
      "id": 2,
      "method": "GET",
      "url": "/api/mosaic/download/f71392bb-6464-41ff-a55f-03800d38c94a/mosaic_preview.png"
    }
    [35mres[39m: {
      "statusCode": 200
    }
    [35mresponseTime[39m: 3
