frontendDist: C:\Users\chadc\mosaic-maker\artifacts\mosaic-maker\dist\public
frontendIndex exists: true
[22:05:44.761] [32mINFO[39m (24296): [36mServer listening[39m
    [35mport[39m: 3117
MODE_USED balanced
THRESHOLD_USED 10
COLOR_COUNTS_BEFORE {
  '0': 164,
  '1': 7,
  '2': 544,
  '3': 3444,
  '4': 1963,
  '5': 4673,
  '7': 83,
  '11': 14,
  '14': 417,
  '15': 4311,
  '24': 306,
  '29': 2267,
  '30': 286,
  '31': 234,
  '32': 469,
  '33': 1663,
  '34': 636,
  '41': 15,
  '43': 8
}
PROTECT_EDGES true
FACE_STAGE_COUNTS after_quantization {
  green: 5964,
  gray: 871,
  brown: 1209,
  black: 879,
  other: 403,
  total: 9326,
  greenPct: 63.95,
  grayPct: 9.34,
  brownPct: 12.96,
  blackPct: 9.43
}
FACE_STAGE_COUNTS after_adaptive_smoothing {
  green: 5989,
  gray: 879,
  brown: 1204,
  black: 872,
  other: 382,
  total: 9326,
  greenPct: 64.22,
  grayPct: 9.43,
  brownPct: 12.91,
  blackPct: 9.35
}
COLOR_COUNTS_AFTER_THRESHOLD {
  '0': 113,
  '2': 329,
  '3': 3269,
  '4': 1806,
  '5': 4659,
  '7': 58,
  '11': 14,
  '14': 372,
  '15': 4238,
  '24': 303,
  '29': 2990,
  '30': 270,
  '31': 237,
  '32': 475,
  '33': 1669,
  '34': 702
}
INVALID_FINAL_COLORS []
FACE_STAGE_COUNTS after_threshold {
  green: 5998,
  gray: 882,
  brown: 1204,
  black: 872,
  other: 370,
  total: 9326,
  greenPct: 64.31,
  grayPct: 9.46,
  brownPct: 12.91,
  blackPct: 9.35
}
FACE_STAGE_COUNTS after_robe_background_consolidation {
  green: 5998,
  gray: 882,
  brown: 1204,
  black: 872,
  other: 370,
  total: 9326,
  greenPct: 64.31,
  grayPct: 9.46,
  brownPct: 12.91,
  blackPct: 9.35
}
COLOR_COUNTS_AFTER {
  '0': 113,
  '2': 329,
  '3': 3325,
  '4': 1778,
  '5': 4703,
  '7': 58,
  '11': 14,
  '14': 372,
  '15': 4236,
  '24': 303,
  '29': 2971,
  '30': 270,
  '31': 237,
  '32': 475,
  '33': 1669,
  '34': 651
}
MODE_USED balanced
THRESHOLD_USED 10
COLOR_COUNTS_BEFORE {
  '0': 390,
  '1': 95,
  '2': 812,
  '3': 6665,
  '4': 80,
  '5': 1515,
  '7': 588,
  '9': 102,
  '10': 487,
  '11': 597,
  '14': 4351,
  '15': 2340,
  '36': 99,
  '38': 672,
  '39': 347,
  '40': 422,
  '41': 1942
}
PROTECT_EDGES true
FACE_STAGE_COUNTS after_quantization {
  green: 0,
  gray: 635,
  brown: 2472,
  black: 92,
  other: 1804,
  total: 5003,
  greenPct: 0,
  grayPct: 12.69,
  brownPct: 49.41,
  blackPct: 1.84
}
FACE_STAGE_COUNTS after_adaptive_smoothing {
  green: 0,
  gray: 596,
  brown: 2483,
  black: 92,
  other: 1832,
  total: 5003,
  greenPct: 0,
  grayPct: 11.91,
  brownPct: 49.63,
  blackPct: 1.84
}
COLOR_COUNTS_AFTER_THRESHOLD {
  '0': 397,
  '1': 79,
  '2': 789,
  '3': 6727,
  '4': 66,
  '5': 1462,
  '7': 642,
  '9': 88,
  '10': 473,
  '11': 597,
  '14': 4368,
  '15': 2401,
  '36': 69,
  '38': 649,
  '39': 338,
  '40': 445,
  '41': 1914
}
INVALID_FINAL_COLORS []
FACE_STAGE_COUNTS after_threshold {
  green: 0,
  gray: 596,
  brown: 2483,
  black: 92,
  other: 1832,
  total: 5003,
  greenPct: 0,
  grayPct: 11.91,
  brownPct: 49.63,
  blackPct: 1.84
}
FACE_STAGE_COUNTS after_robe_background_consolidation {
  green: 0,
  gray: 596,
  brown: 2483,
  black: 92,
  other: 1832,
  total: 5003,
  greenPct: 0,
  grayPct: 11.91,
  brownPct: 49.63,
  blackPct: 1.84
}
COLOR_COUNTS_AFTER {
  '0': 397,
  '1': 79,
  '2': 789,
  '3': 6726,
  '4': 52,
  '5': 1477,
  '7': 642,
  '9': 88,
  '10': 473,
  '11': 597,
  '14': 4368,
  '15': 2401,
  '36': 69,
  '38': 649,
  '39': 338,
  '40': 445,
  '41': 1914
}
[22:06:19.670] [32mINFO[39m (24296): [36mrequest completed[39m
    [35mreq[39m: {
      "id": 1,
      "method": "POST",
      "url": "/api/mosaic/generate"
    }
    [35mres[39m: {
      "statusCode": 200
    }
    [35mresponseTime[39m: 784
[22:06:19.746] [32mINFO[39m (24296): [36mrequest completed[39m
    [35mreq[39m: {
      "id": 2,
      "method": "GET",
      "url": "/api/mosaic/download/2055fb13-c071-4d98-8f15-2ead44850a8c/mosaic_preview.png"
    }
    [35mres[39m: {
      "statusCode": 200
    }
    [35mresponseTime[39m: 2
[22:06:20.492] [32mINFO[39m (24296): [36mrequest completed[39m
    [35mreq[39m: {
      "id": 3,
      "method": "POST",
      "url": "/api/mosaic/generate"
    }
    [35mres[39m: {
      "statusCode": 200
    }
    [35mresponseTime[39m: 733
[22:06:20.508] [32mINFO[39m (24296): [36mrequest completed[39m
    [35mreq[39m: {
      "id": 4,
      "method": "GET",
      "url": "/api/mosaic/download/2fb15e09-1815-41b8-b6a9-54fd90911264/mosaic_preview.png"
    }
    [35mres[39m: {
      "statusCode": 200
    }
    [35mresponseTime[39m: 1
